** Drc report for mosaic-x3.kicad_pcb **
** Created on 2026-06-10T06:42:35 **
** Report includes: Errors, Warnings **

** Found 2 DRC violations **
[silk_edge_clearance]: Silkscreen clipped by board edge
    Rule: board setup constraints silk; warning
    @(87.3900 mm, 178.6750 mm): Segment on Edge.Cuts
    @(88.2900 mm, 80.7250 mm): Segment of J2 on F.Silkscreen
[silk_edge_clearance]: Silkscreen clipped by board edge
    Rule: board setup constraints silk; warning
    @(87.3900 mm, 178.6750 mm): Segment on Edge.Cuts
    @(88.2900 mm, 90.1250 mm): Segment of J2 on F.Silkscreen

** Found 3 unconnected pads **
[unconnected_items]: Missing connection between items
    Local override; error
    @(87.6378 mm, 48.8879 mm): Zone [GND] on F.Cu and B.Cu, priority 0
    @(87.6378 mm, 48.8879 mm): Zone [GND] on F.Cu and B.Cu, priority 0
[unconnected_items]: Missing connection between items
    Local override; error
    @(87.6378 mm, 48.8879 mm): Zone [GND] on F.Cu and B.Cu, priority 0
    @(87.6378 mm, 48.8879 mm): Zone [GND] on F.Cu and B.Cu, priority 0
[unconnected_items]: Missing connection between items
    Local override; error
    @(87.6378 mm, 48.8879 mm): Zone [GND] on F.Cu and B.Cu, priority 0
    @(87.6378 mm, 48.8879 mm): Zone [GND] on F.Cu and B.Cu, priority 0

** Found 0 Footprint errors **

** Ignored checks **
    - Footprint has no courtyard defined
    - Track endpoint not centered on via
    - Tuning profile track geometries
    - Footprint doesn't match symbol's footprint filters
    - Footprint component type doesn't match footprint pads

** End of Report **
