** Drc report for mosaic-x3.kicad_pcb **
** Created on 2026-06-10T00:55:07 **
** Report includes: Errors, Warnings **

** Found 13 DRC violations **
[solder_mask_bridge]: Front solder mask aperture bridges items with different nets
    Rule: board setup solder mask min width; error
    @(31.1114 mm, 63.0000 mm): Track [<no net>] on F.Cu, length 0.8336 mm
    @(31.9450 mm, 63.0000 mm): Pad A8 [<no net>] of J2 on F.Cu
[solder_mask_bridge]: Front solder mask aperture bridges items with different nets
    Rule: board setup solder mask min width; error
    @(31.9450 mm, 60.0000 mm): Track [<no net>] on F.Cu, length 1.1135 mm
    @(31.9450 mm, 60.0000 mm): Pad B8 [<no net>] of J2 on F.Cu
[silk_edge_clearance]: Silkscreen clipped by board edge
    Rule: board setup constraints silk; warning
    @(46.0000 mm, 25.0000 mm): Segment on Edge.Cuts
    @(46.2500 mm, 106.7500 mm): Reference field of C1
[silk_edge_clearance]: Silkscreen clipped by board edge
    Rule: board setup constraints silk; warning
    @(25.0000 mm, 155.0000 mm): Segment on Edge.Cuts
    @(25.6000 mm, 101.6500 mm): Reference field of C2
[silk_edge_clearance]: Silkscreen clipped by board edge
    Rule: board setup constraints silk; warning
    @(25.0000 mm, 155.0000 mm): Segment on Edge.Cuts
    @(25.9000 mm, 57.0500 mm): Segment of J2 on F.Silkscreen
[silk_edge_clearance]: Silkscreen clipped by board edge
    Rule: board setup constraints silk; warning
    @(25.0000 mm, 155.0000 mm): Segment on Edge.Cuts
    @(25.9000 mm, 66.4500 mm): Segment of J2 on F.Silkscreen
[silk_edge_clearance]: Silkscreen clipped by board edge
    Rule: board setup constraints silk; warning
    @(25.0000 mm, 155.0000 mm): Segment on Edge.Cuts
    @(25.0000 mm, 50.4000 mm): Reference field of U2
[text_height]: Text height out of range (board setup constraints silk text height min height 0.8000 mm; actual 0.7500 mm)
    Rule: board setup constraints silk text height; warning
    @(27.5000 mm, 82.0000 mm): PCB text 'INSTALL POWER
CONNECTOR HERE' on F.Silkscreen
[silk_overlap]: Silkscreen clearance
    Rule: board setup constraints silk; warning
    @(44.9100 mm, 93.3500 mm): Segment of D1 on F.Silkscreen
    @(40.5000 mm, 93.0000 mm): Reference field of Q1
[silk_overlap]: Silkscreen clearance
    Rule: board setup constraints silk; warning
    @(41.7000 mm, 90.1500 mm): Reference field of F1
    @(44.9100 mm, 90.0500 mm): Segment of D1 on F.Silkscreen
[silk_overlap]: Silkscreen clearance
    Rule: board setup constraints silk; warning
    @(38.6500 mm, 94.0900 mm): Segment of Q1 on F.Silkscreen
    @(41.4000 mm, 94.2000 mm): Reference field of D1
[silk_over_copper]: Silkscreen clipped by solder mask
    Local override; warning
    @(40.5000 mm, 93.0000 mm): Reference field of Q1
    @(39.4000 mm, 91.7000 mm): Pad 2 [Net-(D1-A)] of D1 on F.Cu
[silk_over_copper]: Silkscreen clipped by solder mask
    Local override; warning
    @(36.7500 mm, 59.0000 mm): Reference field of R1
    @(35.7500 mm, 59.5875 mm): Pad 1 [GND] of R4 on F.Cu

** Found 35 unconnected pads **
[unconnected_items]: Missing connection between items
    Local override; error
    @(26.4200 mm, 69.0000 mm): Pad 7 [GND] of U3 on F.Cu
    @(28.9600 mm, 69.0000 mm): Pad 5 [GND] of U3 on F.Cu
[unconnected_items]: Missing connection between items
    Local override; error
    @(26.4200 mm, 69.0000 mm): Pad 7 [GND] of U3 on F.Cu
    @(26.8500 mm, 66.0700 mm): PTH pad SH [GND] of J2
[unconnected_items]: Missing connection between items
    Local override; error
    @(26.8500 mm, 57.4300 mm): PTH pad SH [GND] of J2
    @(26.5500 mm, 55.0000 mm): Pad 2 [GND] of C5 on F.Cu
[unconnected_items]: Missing connection between items
    Local override; error
    @(27.5000 mm, 92.5000 mm): PTH pad 1 [GND] of SW1
    @(28.8500 mm, 101.8000 mm): Pad 2 [GND] of C2 on F.Cu
[unconnected_items]: Missing connection between items
    Local override; error
    @(27.5000 mm, 92.5000 mm): PTH pad 1 [GND] of SW1
    @(41.8000 mm, 82.7100 mm): PTH pad 2 [GND] of J1
[unconnected_items]: Missing connection between items
    Local override; error
    @(28.8500 mm, 101.8000 mm): Pad 2 [GND] of C2 on F.Cu
    @(30.5500 mm, 101.7500 mm): Pad 2 [GND] of C3 on F.Cu
[unconnected_items]: Missing connection between items
    Local override; error
    @(28.9600 mm, 69.0000 mm): Pad 5 [GND] of U3 on F.Cu
    @(31.0300 mm, 66.0700 mm): PTH pad SH [GND] of J2
[unconnected_items]: Missing connection between items
    Local override; error
    @(30.5500 mm, 101.7500 mm): Pad 2 [GND] of C3 on F.Cu
    @(32.8000 mm, 104.3500 mm): Pad 1 [GND] of U1 on F.Cu
[unconnected_items]: Missing connection between items
    Local override; error
    @(31.0300 mm, 57.4300 mm): PTH pad SH [GND] of J2
    @(31.9450 mm, 58.5000 mm): Pad B12 [GND] of J2 on F.Cu
[unconnected_items]: Missing connection between items
    Local override; error
    @(31.0300 mm, 57.4300 mm): PTH pad SH [GND] of J2
    @(32.2000 mm, 55.0000 mm): Pad 2 [GND] of C4 on F.Cu
[unconnected_items]: Missing connection between items
    Local override; error
    @(31.0300 mm, 57.4300 mm): PTH pad SH [GND] of J2
    @(26.8500 mm, 57.4300 mm): PTH pad SH [GND] of J2
[unconnected_items]: Missing connection between items
    Local override; error
    @(31.5000 mm, 73.9500 mm): Pad 12 [GND] of U3 on F.Cu
    @(27.6900 mm, 73.9500 mm): Pad 9 [GND] of U3 on F.Cu
[unconnected_items]: Missing connection between items
    Local override; error
    @(31.5000 mm, 73.9500 mm): Pad 12 [GND] of U3 on F.Cu
    @(36.0000 mm, 72.0500 mm): Pad 2 [GND] of C8 on F.Cu
[unconnected_items]: Missing connection between items
    Local override; error
    @(31.9450 mm, 58.5000 mm): Pad B12 [GND] of J2 on F.Cu
    @(35.7500 mm, 59.5875 mm): Pad 1 [GND] of R4 on F.Cu
[unconnected_items]: Missing connection between items
    Local override; error
    @(31.9450 mm, 65.0000 mm): Pad A12 [GND] of J2 on F.Cu
    @(31.0300 mm, 66.0700 mm): PTH pad SH [GND] of J2
[unconnected_items]: Missing connection between items
    Local override; error
    @(32.2000 mm, 55.0000 mm): Pad 2 [GND] of C4 on F.Cu
    @(34.5500 mm, 55.0000 mm): Pad 2 [GND] of C6 on F.Cu
[unconnected_items]: Missing connection between items
    Local override; error
    @(32.8000 mm, 104.3500 mm): Pad 1 [GND] of U1 on F.Cu
    @(41.0000 mm, 108.5000 mm): PTH pad 2 [GND] of C1
[unconnected_items]: Missing connection between items
    Local override; error
    @(33.3000 mm, 40.0600 mm): PTH pad 41 [GND] of U2
    @(26.7500 mm, 33.7400 mm): Pad 1 [GND] of U2 on F.Cu
[unconnected_items]: Missing connection between items
    Local override; error
    @(34.0400 mm, 69.0000 mm): Pad 1 [GND] of U3 on F.Cu
    @(31.0300 mm, 66.0700 mm): PTH pad SH [GND] of J2
[unconnected_items]: Missing connection between items
    Local override; error
    @(34.5500 mm, 55.0000 mm): Pad 2 [GND] of C6 on F.Cu
    @(38.6000 mm, 55.0000 mm): Pad 2 [GND] of C7 on F.Cu
[unconnected_items]: Missing connection between items
    Local override; error
    @(34.7000 mm, 42.8600 mm): PTH pad 41 [GND] of U2
    @(34.5500 mm, 55.0000 mm): Pad 2 [GND] of C6 on F.Cu
[unconnected_items]: Missing connection between items
    Local override; error
    @(35.7500 mm, 59.5875 mm): Pad 1 [GND] of R4 on F.Cu
    @(35.7500 mm, 63.5875 mm): Pad 1 [GND] of R3 on F.Cu
[unconnected_items]: Missing connection between items
    Local override; error
    @(35.7500 mm, 63.5875 mm): Pad 1 [GND] of R3 on F.Cu
    @(31.9450 mm, 65.0000 mm): Pad A12 [GND] of J2 on F.Cu
[unconnected_items]: Missing connection between items
    Local override; error
    @(35.7500 mm, 63.5875 mm): Pad 1 [GND] of R3 on F.Cu
    @(40.8000 mm, 64.2000 mm): Pad 1 [GND] of SW3 on F.Cu
[unconnected_items]: Missing connection between items
    Local override; error
    @(36.0000 mm, 72.0500 mm): Pad 2 [GND] of C8 on F.Cu
    @(34.0400 mm, 69.0000 mm): Pad 1 [GND] of U3 on F.Cu
[unconnected_items]: Missing connection between items
    Local override; error
    @(36.3100 mm, 118.9500 mm): PTH pad 2 [GND] of J3
    @(36.3100 mm, 128.7000 mm): PTH pad 2 [GND] of J4
[unconnected_items]: Missing connection between items
    Local override; error
    @(36.3100 mm, 137.7000 mm): PTH pad 2 [GND] of J5
    @(36.3100 mm, 128.7000 mm): PTH pad 2 [GND] of J4
[unconnected_items]: Missing connection between items
    Local override; error
    @(36.3200 mm, 146.7000 mm): PTH pad 2 [GND] of J6
    @(36.3100 mm, 137.7000 mm): PTH pad 2 [GND] of J5
[unconnected_items]: Missing connection between items
    Local override; error
    @(40.8000 mm, 58.0000 mm): Pad 1 [GND] of SW3 on F.Cu
    @(38.6000 mm, 55.0000 mm): Pad 2 [GND] of C7 on F.Cu
[unconnected_items]: Missing connection between items
    Local override; error
    @(40.8000 mm, 67.0000 mm): Pad 1 [GND] of SW2 on F.Cu
    @(40.8000 mm, 64.2000 mm): Pad 1 [GND] of SW3 on F.Cu
[unconnected_items]: Missing connection between items
    Local override; error
    @(40.8000 mm, 73.2000 mm): Pad 1 [GND] of SW2 on F.Cu
    @(36.0000 mm, 72.0500 mm): Pad 2 [GND] of C8 on F.Cu
[unconnected_items]: Missing connection between items
    Local override; error
    @(41.0000 mm, 108.5000 mm): PTH pad 2 [GND] of C1
    @(36.3100 mm, 118.9500 mm): PTH pad 2 [GND] of J3
[unconnected_items]: Missing connection between items
    Local override; error
    @(41.8000 mm, 82.7100 mm): PTH pad 2 [GND] of J1
    @(40.8000 mm, 73.2000 mm): Pad 1 [GND] of SW2 on F.Cu
[unconnected_items]: Missing connection between items
    Local override; error
    @(44.2500 mm, 33.7400 mm): Pad 40 [GND] of U2 on F.Cu
    @(35.4000 mm, 40.7600 mm): PTH pad 41 [GND] of U2
[unconnected_items]: Missing connection between items
    Local override; error
    @(31.9450 mm, 59.3000 mm): Pad B9 [USB_VBUS] of J2 on F.Cu
    @(31.9450 mm, 64.2000 mm): Pad A9 [USB_VBUS] of J2 on F.Cu

** Found 0 Footprint errors **

** Ignored checks **
    - Footprint has no courtyard defined
    - Track endpoint not centered on via
    - Tuning profile track geometries
    - Footprint doesn't match symbol's footprint filters
    - Footprint component type doesn't match footprint pads

** End of Report **
