ERC report (2026-06-03T20:59:11, Encoding UTF8)
Report includes: Errors, Warnings, Exclusions

***** Sheet /
[pin_not_connected]: Pin not connected
    ; error
    @(43.18 mm, 50.80 mm): Symbol U2 Pin 39 [IO1, Bidirectional, Line]
[pin_not_connected]: Pin not connected
    ; error
    @(43.18 mm, 53.34 mm): Symbol U2 Pin 38 [IO2, Bidirectional, Line]
[pin_not_connected]: Pin not connected
    ; error
    @(43.18 mm, 58.42 mm): Symbol U2 Pin 4 [IO4, Bidirectional, Line]
[pin_not_connected]: Pin not connected
    ; error
    @(43.18 mm, 60.96 mm): Symbol U2 Pin 5 [IO5, Bidirectional, Line]
[pin_not_connected]: Pin not connected
    ; error
    @(43.18 mm, 63.50 mm): Symbol U2 Pin 6 [IO6, Bidirectional, Line]
[pin_not_connected]: Pin not connected
    ; error
    @(43.18 mm, 66.04 mm): Symbol U2 Pin 7 [IO7, Bidirectional, Line]
[pin_not_connected]: Pin not connected
    ; error
    @(43.18 mm, 68.58 mm): Symbol U2 Pin 12 [IO8, Bidirectional, Line]
[pin_not_connected]: Pin not connected
    ; error
    @(43.18 mm, 71.12 mm): Symbol U2 Pin 17 [IO9, Bidirectional, Line]
[pin_not_connected]: Pin not connected
    ; error
    @(43.18 mm, 73.66 mm): Symbol U2 Pin 18 [IO10, Bidirectional, Line]
[pin_not_connected]: Pin not connected
    ; error
    @(43.18 mm, 76.20 mm): Symbol U2 Pin 19 [IO11, Bidirectional, Line]
[pin_not_connected]: Pin not connected
    ; error
    @(43.18 mm, 78.74 mm): Symbol U2 Pin 20 [IO12, Bidirectional, Line]
[pin_not_connected]: Pin not connected
    ; error
    @(43.18 mm, 81.28 mm): Symbol U2 Pin 21 [IO13, Bidirectional, Line]
[pin_not_connected]: Pin not connected
    ; error
    @(43.18 mm, 83.82 mm): Symbol U2 Pin 22 [IO14, Bidirectional, Line]
[pin_not_connected]: Pin not connected
    ; error
    @(43.18 mm, 86.36 mm): Symbol U2 Pin 8 [IO15, Bidirectional, Line]
[pin_not_connected]: Pin not connected
    ; error
    @(43.18 mm, 88.90 mm): Symbol U2 Pin 9 [IO16, Bidirectional, Line]
[pin_not_connected]: Pin not connected
    ; error
    @(73.66 mm, 43.18 mm): Symbol U2 Pin 37 [TXD0, Bidirectional, Line]
[pin_not_connected]: Pin not connected
    ; error
    @(73.66 mm, 45.72 mm): Symbol U2 Pin 36 [RXD0, Bidirectional, Line]
[pin_not_connected]: Pin not connected
    ; error
    @(73.66 mm, 48.26 mm): Symbol U2 Pin 10 [IO17, Bidirectional, Line]
[pin_not_connected]: Pin not connected
    ; error
    @(73.66 mm, 50.80 mm): Symbol U2 Pin 11 [IO18, Bidirectional, Line]
[pin_not_connected]: Pin not connected
    ; error
    @(73.66 mm, 58.42 mm): Symbol U2 Pin 23 [IO21, Bidirectional, Line]
[pin_not_connected]: Pin not connected
    ; error
    @(73.66 mm, 60.96 mm): Symbol U2 Pin 28 [IO35, Bidirectional, Line]
[pin_not_connected]: Pin not connected
    ; error
    @(73.66 mm, 63.50 mm): Symbol U2 Pin 29 [IO36, Bidirectional, Line]
[pin_not_connected]: Pin not connected
    ; error
    @(73.66 mm, 66.04 mm): Symbol U2 Pin 30 [IO37, Bidirectional, Line]
[pin_not_connected]: Pin not connected
    ; error
    @(73.66 mm, 71.12 mm): Symbol U2 Pin 32 [IO39, Bidirectional, Line]
[pin_not_connected]: Pin not connected
    ; error
    @(73.66 mm, 73.66 mm): Symbol U2 Pin 33 [IO40, Bidirectional, Line]
[pin_not_connected]: Pin not connected
    ; error
    @(73.66 mm, 76.20 mm): Symbol U2 Pin 34 [IO41, Bidirectional, Line]
[pin_not_connected]: Pin not connected
    ; error
    @(73.66 mm, 78.74 mm): Symbol U2 Pin 35 [IO42, Bidirectional, Line]
[pin_not_connected]: Pin not connected
    ; error
    @(73.66 mm, 86.36 mm): Symbol U2 Pin 24 [IO47, Bidirectional, Line]
[pin_not_connected]: Pin not connected
    ; error
    @(73.66 mm, 88.90 mm): Symbol U2 Pin 25 [IO48, Bidirectional, Line]

 ** ERC messages: 29  Errors 29  Warnings 0

 ** Ignored checks:
    - Global label only appears once in the schematic
    - Four connection points are joined together
    - SPICE model issue
    - Assigned footprint doesn't match footprint filters
